---
source: crates/rmcp-openapi/src/tool_generator.rs
expression: request_body_schema
---
{
  "type": "object",
  "properties": {
    "age": {
      "type": "integer",
      "minimum": 0,
      "maximum": 150
    },
    "name": {
      "type": "string"
    }
  },
  "required": [
    "name"
  ],
  "additionalProperties": true,
  "description": "User creation data",
  "x-location": "body",
  "x-content-type": "application/json"
}
