---
source: src/error.rs
expression: serialized
---
{
  "type": "validation-errors",
  "violations": [
    {
      "parameter": "pet_i",
      "suggestions": [
        "petId",
        "petInfo"
      ],
      "type": "invalid-parameter",
      "valid_parameters": [
        "petId",
        "petInfo",
        "timeout"
      ]
    }
  ]
}
