---
source: crates/rmcp-openapi/src/error.rs
expression: serialized
---
{
  "type": "validation-errors",
  "violations": [
    {
      "type": "invalid-parameter",
      "parameter": "pet_id",
      "suggestions": [
        "petId"
      ],
      "valid_parameters": [
        "petId",
        "timeout_seconds"
      ]
    }
  ]
}
