---
source: crates/rmcp-openapi/src/error.rs
expression: serialized
---
{
  "type": "validation-errors",
  "violations": [
    {
      "type": "constraint-violation",
      "parameter": "age",
      "message": "Parameter 'age' must be between 0 and 150",
      "field_path": "age",
      "actual_value": 200,
      "expected_type": "integer",
      "constraints": [
        {
          "type": "minimum",
          "value": 0.0,
          "exclusive": false
        },
        {
          "type": "maximum",
          "value": 150.0,
          "exclusive": false
        }
      ]
    }
  ]
}
