---
source: src/server.rs
expression: json_result
---
{
  "body": {
    "error": {
      "type": "validation-errors",
      "violations": [
        {
          "parameter": "pet_id",
          "suggestions": [
            "petId"
          ],
          "type": "invalid-parameter",
          "valid_parameters": [
            "petId",
            "timeout_seconds"
          ]
        }
      ]
    }
  },
  "status": 400
}
