---
source: crates/rmcp-openapi/src/server.rs
expression: error_json
---
{
  "code": -32602,
  "message": "Validation failed - invalid parameter 'page' (suggestions: page_size, page_number)",
  "data": {
    "type": "validation-errors",
    "violations": [
      {
        "type": "invalid-parameter",
        "parameter": "page",
        "suggestions": [
          "page_size",
          "page_number"
        ],
        "valid_parameters": [
          "page_number",
          "page_size"
        ]
      }
    ]
  }
}
