---
source: tests/test_error_scenarios.rs
expression: error_json
---
{
  "type": "validation-errors",
  "violations": [
    {
      "actual_value": "not_a_number",
      "constraints": [
        {
          "exclusive": false,
          "type": "minimum",
          "value": 1.0
        },
        {
          "format": "int64",
          "type": "format"
        }
      ],
      "expected_type": "integer",
      "field_path": "petId",
      "message": "\"not_a_number\" is not of type \"integer\"",
      "parameter": "petId",
      "type": "constraint-violation"
    }
  ]
}
