---
source: tests/test_error_scenarios.rs
expression: error_json
---
{
  "type": "validation-errors",
  "violations": [
    {
      "actual_value": [
        "invalid_status"
      ],
      "expected_type": "array",
      "field_path": "status/0",
      "message": "\"invalid_status\" is not one of \"available\", \"pending\" or \"sold\"",
      "parameter": "status",
      "type": "constraint-violation"
    }
  ]
}
