---
source: tests/test_with_python.rs
expression: responses
---
[
  {
    "meta": null,
    "nextCursor": null,
    "prompts": []
  },
  {
    "meta": null,
    "nextCursor": null,
    "resources": []
  },
  {
    "meta": null,
    "nextCursor": null,
    "tools": [
      {
        "annotations": null,
        "description": "Add a new pet to the store\n\nAdd a new pet to the store\n\nEndpoint: POST /pet",
        "inputSchema": {
          "additionalProperties": false,
          "properties": {
            "request_body": {
              "additionalProperties": true,
              "description": "Request body data (JSON)",
              "type": "object",
              "x-content-type": "application/json",
              "x-location": "body"
            }
          },
          "required": [],
          "type": "object"
        },
        "meta": null,
        "name": "addPet",
        "outputSchema": null,
        "title": null
      },
      {
        "annotations": null,
        "description": "Finds Pets by status\n\nMultiple status values can be provided with comma separated strings\n\nEndpoint: GET /pet/findByStatus",
        "inputSchema": {
          "additionalProperties": false,
          "properties": {
            "status": {
              "description": "Status values that need to be considered for filter",
              "items": {
                "type": "string"
              },
              "type": "array",
              "x-parameter-location": "query",
              "x-parameter-required": true
            },
            "timeout_seconds": {
              "default": 30,
              "description": "Request timeout in seconds",
              "maximum": 300,
              "minimum": 1,
              "type": "integer"
            }
          },
          "required": [
            "status"
          ],
          "type": "object"
        },
        "meta": null,
        "name": "findPetsByStatus",
        "outputSchema": null,
        "title": null
      },
      {
        "annotations": null,
        "description": "Find pet by ID\n\nReturns a single pet\n\nEndpoint: GET /pet/{petId}",
        "inputSchema": {
          "additionalProperties": false,
          "properties": {
            "petId": {
              "description": "ID of pet to return",
              "format": "Int64",
              "minimum": 1,
              "type": "integer",
              "x-parameter-location": "path",
              "x-parameter-required": true
            }
          },
          "required": [
            "petId"
          ],
          "type": "object"
        },
        "meta": null,
        "name": "getPetById",
        "outputSchema": null,
        "title": null
      }
    ]
  }
]
