---
source: src/error.rs
expression: serialized
---
{
  "error": {
    "type": "validation-errors",
    "violations": [
      {
        "parameter": "test_param",
        "suggestions": [
          "testParam"
        ],
        "type": "invalid-parameter",
        "valid_parameters": [
          "testParam",
          "otherParam"
        ]
      }
    ]
  }
}
