---
source: src/error.rs
expression: serialized
---
{
  "type": "validation-errors",
  "violations": [
    {
      "actual_value": [
        "tag1"
      ],
      "constraints": [
        {
          "type": "min-items",
          "value": 2
        }
      ],
      "expected_type": "array",
      "field_path": "tags",
      "message": "Array has 1 items but minimum is 2",
      "parameter": "tags",
      "type": "constraint-violation"
    }
  ]
}
