---
source: src/tool_generator.rs
expression: output_schema
---
{
  "additionalProperties": false,
  "description": "Unified response structure with success and error variants",
  "properties": {
    "body": {
      "description": "Response body - either success data or error information",
      "oneOf": [
        {
          "additionalProperties": true,
          "properties": {
            "id": {
              "format": "int64",
              "type": "integer"
            },
            "name": {
              "type": "string"
            },
            "status": {
              "type": "string"
            }
          },
          "required": [
            "id",
            "name"
          ],
          "type": "object"
        },
        {
          "description": "Error response structure for tool execution failures",
          "properties": {
            "error": {
              "description": "Error that can occur during tool execution",
              "oneOf": [
                {
                  "description": "Invalid parameter error with suggestions",
                  "properties": {
                    "parameter": {
                      "description": "The parameter name that was invalid",
                      "type": "string"
                    },
                    "suggestions": {
                      "description": "Suggested correct parameter names",
                      "items": {
                        "type": "string"
                      },
                      "type": "array"
                    },
                    "type": {
                      "const": "invalid-parameter",
                      "type": "string"
                    },
                    "valid_parameters": {
                      "description": "All valid parameter names for this tool",
                      "items": {
                        "type": "string"
                      },
                      "type": "array"
                    }
                  },
                  "required": [
                    "type",
                    "parameter",
                    "suggestions",
                    "valid_parameters"
                  ],
                  "type": "object"
                },
                {
                  "description": "Tool not found error",
                  "properties": {
                    "tool_name": {
                      "description": "Name of the tool that was not found",
                      "type": "string"
                    },
                    "type": {
                      "const": "tool-not-found",
                      "type": "string"
                    }
                  },
                  "required": [
                    "type",
                    "tool_name"
                  ],
                  "type": "object"
                },
                {
                  "description": "Validation error (e.g., type mismatches, constraint violations)",
                  "properties": {
                    "message": {
                      "description": "Description of what validation failed",
                      "type": "string"
                    },
                    "type": {
                      "const": "validation-error",
                      "type": "string"
                    }
                  },
                  "required": [
                    "type",
                    "message"
                  ],
                  "type": "object"
                },
                {
                  "description": "Missing required parameter",
                  "properties": {
                    "description": {
                      "description": "Description of the parameter from OpenAPI",
                      "type": [
                        "string",
                        "null"
                      ]
                    },
                    "expected_type": {
                      "description": "Expected type of the parameter",
                      "type": "string"
                    },
                    "parameter": {
                      "description": "Name of the missing parameter",
                      "type": "string"
                    },
                    "type": {
                      "const": "missing-required-parameter",
                      "type": "string"
                    }
                  },
                  "required": [
                    "type",
                    "parameter",
                    "expected_type"
                  ],
                  "type": "object"
                },
                {
                  "description": "HTTP error response from the API",
                  "properties": {
                    "message": {
                      "description": "Error message or response body",
                      "type": "string"
                    },
                    "status": {
                      "description": "HTTP status code",
                      "format": "uint16",
                      "maximum": 65535,
                      "minimum": 0,
                      "type": "integer"
                    },
                    "type": {
                      "const": "http-error",
                      "type": "string"
                    }
                  },
                  "required": [
                    "type",
                    "status",
                    "message"
                  ],
                  "type": "object"
                },
                {
                  "description": "HTTP request failed (network, connection, timeout)",
                  "properties": {
                    "message": {
                      "description": "Description of the request failure",
                      "type": "string"
                    },
                    "type": {
                      "const": "http-request-error",
                      "type": "string"
                    }
                  },
                  "required": [
                    "type",
                    "message"
                  ],
                  "type": "object"
                },
                {
                  "description": "JSON parsing/serialization error",
                  "properties": {
                    "message": {
                      "description": "Description of the JSON error",
                      "type": "string"
                    },
                    "type": {
                      "const": "json-error",
                      "type": "string"
                    }
                  },
                  "required": [
                    "type",
                    "message"
                  ],
                  "type": "object"
                }
              ]
            }
          },
          "required": [
            "error"
          ],
          "type": "object"
        }
      ]
    },
    "status": {
      "description": "HTTP status code",
      "maximum": 599,
      "minimum": 100,
      "type": "integer"
    }
  },
  "required": [
    "status",
    "body"
  ],
  "type": "object"
}
