---
source: src/server.rs
expression: json_result
---
{
  "body": {
    "error": {
      "type": "validation-errors",
      "violations": [
        {
          "message": "Internal server error",
          "parameter": "",
          "type": "constraint-violation"
        }
      ]
    }
  },
  "status": 400
}
