---
source: src/error.rs
expression: serialized
---
{
  "error": {
    "message": "Unknown parameter 'test_param'. Did you mean 'testParam'?",
    "parameter": "test_param",
    "suggestions": [
      "testParam"
    ],
    "type": "invalid-parameter",
    "valid_parameters": [
      "testParam",
      "otherParam"
    ]
  }
}
